../Core/Src/LCD1602.c:27:6:delay	16	static
../Core/Src/LCD1602.c:32:6:send_to_lcd	16	static
../Core/Src/LCD1602.c:46:6:lcd_send_cmd	24	static
../Core/Src/LCD1602.c:54:6:lcd_send_data	24	static
../Core/Src/LCD1602.c:62:6:lcd_clear	8	static
../Core/Src/LCD1602.c:67:6:lcd_put_cur	16	static
../Core/Src/LCD1602.c:79:6:lcd_init	8	static
../Core/Src/LCD1602.c:103:6:lcd_create_char	24	static
../Core/Src/LCD1602.c:124:6:draw	24	static
../Core/Src/LCD1602.c:132:6:lcd_send_string	16	static
../Core/Src/LCD1602.c:137:6:lcd_clear_area	32	static
